
> bookstore-backend@2.1.0 test
> jest --forceExit tests/auth.test.js

  console.log
    ≡ƒÆ╛  Local image storage (S3 not configured)

      at Object.log (services/s3Service.js:54:11)

  console.error
    CAPTCHA verification failed: Missing CAPTCHA token.

    [0m [90m 68 |[39m       [36mif[39m (captcha[33m.[39mtoLowerCase() [33m!==[39m decoded[33m.[39mtext) [36mthrow[39m [36mnew[39m [33mError[39m([32m'Invalid CAPTCHA.'[39m)[33m;[39m
     [90m 69 |[39m     } [36mcatch[39m (err) {
    [31m[1m>[22m[39m[90m 70 |[39m       console[33m.[39merror([32m'CAPTCHA verification failed:'[39m[33m,[39m err[33m.[39mmessage)[33m;[39m
     [90m    |[39m               [31m[1m^[22m[39m
     [90m 71 |[39m       [36mreturn[39m res[33m.[39mstatus([35m400[39m)[33m.[39mjson({ success[33m:[39m [36mfalse[39m[33m,[39m message[33m:[39m [32m'Invalid CAPTCHA.'[39m })[33m;[39m
     [90m 72 |[39m     }
     [90m 73 |[39m   }[0m

      at error (controllers/authController.js:70:15)
      at Layer.handle [as handle_request] (node_modules/express/lib/router/layer.js:95:5)
      at next (node_modules/express/lib/router/route.js:149:13)
      at next (middleware/validate.js:13:3)
      at Layer.handle [as handle_request] (node_modules/express/lib/router/layer.js:95:5)
      at next (node_modules/express/lib/router/route.js:149:13)
      at middleware (node_modules/express-validator/lib/middlewares/check.js:16:13)

node.exe : DEBUG: Change password start
At C:\Program Files\nodejs\npm.ps1:29 char:3
+   & $NODE_EXE $NPM_CLI_JS $args
+   ~~~~~~~~~~~~~~~~~~~~~~~~~~~~~
    + CategoryInfo          : NotSpecified: (DEBUG: Change password start:String) [], RemoteException
    + FullyQualifiedErrorId : NativeCommandError
 
DEBUG: User fetched: false
Change password error: User not found in DB
Error: User not found in DB
    at changePassword (C:\Users\bhoim\Projects\FutureStoreV2\backend\controllers\authController.js:358:22)
    at processTicksAndRejections (node:internal/process/task_queues:105:5)
  console.error
    Test Failed! status: 500 body: { success: false, message: 'Failed to change password.' }

    [0m [90m 105 |[39m       
     [90m 106 |[39m       [36mif[39m (res[33m.[39mstatus [33m!==[39m [35m200[39m) {
    [31m[1m>[22m[39m[90m 107 |[39m         console[33m.[39merror([32m'Test Failed! status:'[39m[33m,[39m res[33m.[39mstatus[33m,[39m [32m'body:'[39m[33m,[39m res[33m.[39mbody)[33m;[39m
     [90m     |[39m                 [31m[1m^[22m[39m
     [90m 108 |[39m       }
     [90m 109 |[39m       expect(res[33m.[39mstatus)[33m.[39mtoBe([35m200[39m)[33m;[39m
     [90m 110 |[39m       expect(res[33m.[39mbody[33m.[39mmessage)[33m.[39mtoMatch([35m/changed/i[39m)[33m;[39m[0m

      at Object.error (tests/auth.test.js:107:17)

DEBUG: Change password start
DEBUG: User fetched: false
Change password error: User not found in DB
Error: User not found in DB
    at changePassword (C:\Users\bhoim\Projects\FutureStoreV2\backend\controllers\authController.js:358:22)
    at processTicksAndRejections (node:internal/process/task_queues:105:5)
FAIL tests/auth.test.js
  Auth Endpoints
    GET /api/auth/captcha
      ΓêÜ returns SVG image (57 ms)
    POST /api/auth/register
      ΓêÜ rejects missing fields (422) (25 ms)
      ΓêÜ rejects invalid CAPTCHA (400) (17 ms)
    POST /api/auth/login
      ΓêÜ rejects invalid email format (422) (5 ms)
    GET /api/auth/me
      ΓêÜ returns user profile (5 ms)
    PUT /api/auth/change-password
      ├ù changes password successfully (14 ms)
      ├ù rejects incorrect current password (4 ms)

  ΓùÅ Auth Endpoints ΓÇ║ PUT /api/auth/change-password ΓÇ║ changes password successfully

    expect(received).toBe(expected) // Object.is equality

    Expected: 200
    Received: 500

    [0m [90m 107 |[39m         console[33m.[39merror([32m'Test Failed! status:'[39m[33m,[39m 
res[33m.[39mstatus[33m,[39m [32m'body:'[39m[33m,[39m res[33m.[39mbody)[33m;[39m
     [90m 108 |[39m       }
    [31m[1m>[22m[39m[90m 109 |[39m       expect(res[33m.[39mstatus)[33m.[39mtoBe([35m200[39m)[33m;[39m
     [90m     |[39m                          [31m[1m^[22m[39m
     [90m 110 |[39m       
expect(res[33m.[39mbody[33m.[39mmessage)[33m.[39mtoMatch([35m/changed/i[39m)[33m;[39m
     [90m 111 |[39m     })[33m;[39m
     [90m 112 |[39m[0m

      at Object.toBe (tests/auth.test.js:109:26)

  ΓùÅ Auth Endpoints ΓÇ║ PUT /api/auth/change-password ΓÇ║ rejects incorrect current password

    expect(received).toBe(expected) // Object.is equality

    Expected: 400
    Received: 500

    [0m [90m 117 |[39m       [36mconst[39m res [33m=[39m [36mawait[39m 
request(app)[33m.[39mput([32m'/api/auth/change-password'[39m)
     [90m 118 |[39m         [33m.[39msend({ currentPassword[33m:[39m [32m'WrongPassword!'[39m[33m,[39m 
newPassword[33m:[39m [32m'NewPassword123!'[39m })[33m;[39m
    [31m[1m>[22m[39m[90m 119 |[39m       expect(res[33m.[39mstatus)[33m.[39mtoBe([35m400[39m)[33m;[39m
     [90m     |[39m                          [31m[1m^[22m[39m
     [90m 120 |[39m     })[33m;[39m
     [90m 121 |[39m   })[33m;[39m
     [90m 122 |[39m })[33m;[39m[0m

      at Object.toBe (tests/auth.test.js:119:26)

Test Suites: 1 failed, 1 total
Tests:       2 failed, 5 passed, 7 total
Snapshots:   0 total
Time:        1.865 s, estimated 2 s
Ran all test suites matching /tests\\auth.test.js/i.
Force exiting Jest: Have you considered using `--detectOpenHandles` to detect async operations that kept running after 
all tests finished?
